// Jest Snapshot v1, https://goo.gl/fbAQLP

exports[`DynamoDB returns a table 1`] = `
Object {
  "Parameters": Any<Object>,
  "Resources": Object {
    "Stack4showTableDEVE51EAC4A": Object {
      "DeletionPolicy": "Delete",
      "Properties": Object {
        "AttributeDefinitions": Array [
          Object {
            "AttributeName": "pk",
            "AttributeType": "S",
          },
          Object {
            "AttributeName": "sk",
            "AttributeType": "S",
          },
        ],
        "BillingMode": "PAY_PER_REQUEST",
        "KeySchema": Array [
          Object {
            "AttributeName": "pk",
            "KeyType": "HASH",
          },
          Object {
            "AttributeName": "sk",
            "KeyType": "RANGE",
          },
        ],
        "TableName": "Stack4showTableDEV",
        "TimeToLiveSpecification": Object {
          "AttributeName": "exp",
          "Enabled": true,
        },
      },
      "Type": "AWS::DynamoDB::Table",
      "UpdateReplacePolicy": "Delete",
    },
    "setupconnectionauthorizerFunctionE2E31CC5": Object {
      "DependsOn": Array [
        "setupconnectionauthorizerFunctionServiceRoleCD1EC894",
      ],
      "Properties": Object {
        "Code": Any<Object>,
        "Environment": Object {
          "Variables": Object {
            "AWS_NODEJS_CONNECTION_REUSE_ENABLED": "1",
            "secretsId": "devF7B884FF-75G7hosnKYhv",
            "stage": "dev",
          },
        },
        "Handler": "index.handler",
        "Role": Object {
          "Fn::GetAtt": Array [
            "setupconnectionauthorizerFunctionServiceRoleCD1EC894",
            "Arn",
          ],
        },
        "Runtime": "nodejs14.x",
        "Timeout": 60,
      },
      "Type": "AWS::Lambda::Function",
    },
    "setupconnectionauthorizerFunctionServiceRoleCD1EC894": Object {
      "Properties": Object {
        "AssumeRolePolicyDocument": Object {
          "Statement": Array [
            Object {
              "Action": "sts:AssumeRole",
              "Effect": "Allow",
              "Principal": Object {
                "Service": "lambda.amazonaws.com",
              },
            },
          ],
          "Version": "2012-10-17",
        },
        "ManagedPolicyArns": Array [
          Object {
            "Fn::Join": Array [
              "",
              Array [
                "arn:",
                Object {
                  "Ref": "AWS::Partition",
                },
                ":iam::aws:policy/service-role/AWSLambdaBasicExecutionRole",
              ],
            ],
          },
        ],
      },
      "Type": "AWS::IAM::Role",
    },
    "setupconnectiongetStateFunction1D3A554F": Object {
      "DependsOn": Array [
        "setupconnectiongetStateFunctionServiceRoleDefaultPolicyA2443520",
        "setupconnectiongetStateFunctionServiceRole7399EE77",
      ],
      "Properties": Object {
        "Code": Any<Object>,
        "Environment": Object {
          "Variables": Object {
            "AWS_NODEJS_CONNECTION_REUSE_ENABLED": "1",
            "secretsId": "devF7B884FF-75G7hosnKYhv",
            "stage": "dev",
          },
        },
        "Handler": "index.handler",
        "Role": Object {
          "Fn::GetAtt": Array [
            "setupconnectiongetStateFunctionServiceRole7399EE77",
            "Arn",
          ],
        },
        "Runtime": "nodejs14.x",
        "Timeout": 60,
      },
      "Type": "AWS::Lambda::Function",
    },
    "setupconnectiongetStateFunctionServiceRole7399EE77": Object {
      "Properties": Object {
        "AssumeRolePolicyDocument": Object {
          "Statement": Array [
            Object {
              "Action": "sts:AssumeRole",
              "Effect": "Allow",
              "Principal": Object {
                "Service": "lambda.amazonaws.com",
              },
            },
          ],
          "Version": "2012-10-17",
        },
        "ManagedPolicyArns": Array [
          Object {
            "Fn::Join": Array [
              "",
              Array [
                "arn:",
                Object {
                  "Ref": "AWS::Partition",
                },
                ":iam::aws:policy/service-role/AWSLambdaBasicExecutionRole",
              ],
            ],
          },
        ],
      },
      "Type": "AWS::IAM::Role",
    },
    "setupconnectiongetStateFunctionServiceRoleDefaultPolicyA2443520": Object {
      "Properties": Object {
        "PolicyDocument": Object {
          "Statement": Array [
            Object {
              "Action": Array [
                "dynamodb:BatchGetItem",
                "dynamodb:GetRecords",
                "dynamodb:GetShardIterator",
                "dynamodb:Query",
                "dynamodb:GetItem",
                "dynamodb:Scan",
                "dynamodb:ConditionCheckItem",
                "dynamodb:BatchWriteItem",
                "dynamodb:PutItem",
                "dynamodb:UpdateItem",
                "dynamodb:DeleteItem",
                "dynamodb:DescribeTable",
              ],
              "Effect": "Allow",
              "Resource": Array [
                Object {
                  "Fn::GetAtt": Array [
                    "Stack4showTableDEVE51EAC4A",
                    "Arn",
                  ],
                },
                Object {
                  "Ref": "AWS::NoValue",
                },
              ],
            },
          ],
          "Version": "2012-10-17",
        },
        "PolicyName": "setupconnectiongetStateFunctionServiceRoleDefaultPolicyA2443520",
        "Roles": Array [
          Object {
            "Ref": "setupconnectiongetStateFunctionServiceRole7399EE77",
          },
        ],
      },
      "Type": "AWS::IAM::Policy",
    },
    "setupconnectiononConnectFunction1026145B": Object {
      "DependsOn": Array [
        "setupconnectiononConnectFunctionServiceRoleDefaultPolicy85F08DEC",
        "setupconnectiononConnectFunctionServiceRole5F640ED8",
      ],
      "Properties": Object {
        "Code": Any<Object>,
        "Environment": Object {
          "Variables": Object {
            "AWS_NODEJS_CONNECTION_REUSE_ENABLED": "1",
            "secretsId": "devF7B884FF-75G7hosnKYhv",
            "stage": "dev",
          },
        },
        "Handler": "index.handler",
        "Role": Object {
          "Fn::GetAtt": Array [
            "setupconnectiononConnectFunctionServiceRole5F640ED8",
            "Arn",
          ],
        },
        "Runtime": "nodejs14.x",
        "Timeout": 60,
      },
      "Type": "AWS::Lambda::Function",
    },
    "setupconnectiononConnectFunctionServiceRole5F640ED8": Object {
      "Properties": Object {
        "AssumeRolePolicyDocument": Object {
          "Statement": Array [
            Object {
              "Action": "sts:AssumeRole",
              "Effect": "Allow",
              "Principal": Object {
                "Service": "lambda.amazonaws.com",
              },
            },
          ],
          "Version": "2012-10-17",
        },
        "ManagedPolicyArns": Array [
          Object {
            "Fn::Join": Array [
              "",
              Array [
                "arn:",
                Object {
                  "Ref": "AWS::Partition",
                },
                ":iam::aws:policy/service-role/AWSLambdaBasicExecutionRole",
              ],
            ],
          },
        ],
      },
      "Type": "AWS::IAM::Role",
    },
    "setupconnectiononConnectFunctionServiceRoleDefaultPolicy85F08DEC": Object {
      "Properties": Object {
        "PolicyDocument": Object {
          "Statement": Array [
            Object {
              "Action": Array [
                "dynamodb:BatchWriteItem",
                "dynamodb:PutItem",
                "dynamodb:UpdateItem",
                "dynamodb:DeleteItem",
                "dynamodb:DescribeTable",
              ],
              "Effect": "Allow",
              "Resource": Array [
                Object {
                  "Fn::GetAtt": Array [
                    "Stack4showTableDEVE51EAC4A",
                    "Arn",
                  ],
                },
                Object {
                  "Ref": "AWS::NoValue",
                },
              ],
            },
          ],
          "Version": "2012-10-17",
        },
        "PolicyName": "setupconnectiononConnectFunctionServiceRoleDefaultPolicy85F08DEC",
        "Roles": Array [
          Object {
            "Ref": "setupconnectiononConnectFunctionServiceRole5F640ED8",
          },
        ],
      },
      "Type": "AWS::IAM::Policy",
    },
    "setupconnectiononDisconnectFunction6260FCA7": Object {
      "DependsOn": Array [
        "setupconnectiononDisconnectFunctionServiceRoleDefaultPolicy4F5D7560",
        "setupconnectiononDisconnectFunctionServiceRoleA17A7E4A",
      ],
      "Properties": Object {
        "Code": Any<Object>,
        "Environment": Object {
          "Variables": Object {
            "AWS_NODEJS_CONNECTION_REUSE_ENABLED": "1",
            "secretsId": "devF7B884FF-75G7hosnKYhv",
            "stage": "dev",
          },
        },
        "Handler": "index.handler",
        "Role": Object {
          "Fn::GetAtt": Array [
            "setupconnectiononDisconnectFunctionServiceRoleA17A7E4A",
            "Arn",
          ],
        },
        "Runtime": "nodejs14.x",
        "Timeout": 60,
      },
      "Type": "AWS::Lambda::Function",
    },
    "setupconnectiononDisconnectFunctionServiceRoleA17A7E4A": Object {
      "Properties": Object {
        "AssumeRolePolicyDocument": Object {
          "Statement": Array [
            Object {
              "Action": "sts:AssumeRole",
              "Effect": "Allow",
              "Principal": Object {
                "Service": "lambda.amazonaws.com",
              },
            },
          ],
          "Version": "2012-10-17",
        },
        "ManagedPolicyArns": Array [
          Object {
            "Fn::Join": Array [
              "",
              Array [
                "arn:",
                Object {
                  "Ref": "AWS::Partition",
                },
                ":iam::aws:policy/service-role/AWSLambdaBasicExecutionRole",
              ],
            ],
          },
        ],
      },
      "Type": "AWS::IAM::Role",
    },
    "setupconnectiononDisconnectFunctionServiceRoleDefaultPolicy4F5D7560": Object {
      "Properties": Object {
        "PolicyDocument": Object {
          "Statement": Array [
            Object {
              "Action": Array [
                "dynamodb:BatchWriteItem",
                "dynamodb:PutItem",
                "dynamodb:UpdateItem",
                "dynamodb:DeleteItem",
                "dynamodb:DescribeTable",
              ],
              "Effect": "Allow",
              "Resource": Array [
                Object {
                  "Fn::GetAtt": Array [
                    "Stack4showTableDEVE51EAC4A",
                    "Arn",
                  ],
                },
                Object {
                  "Ref": "AWS::NoValue",
                },
              ],
            },
          ],
          "Version": "2012-10-17",
        },
        "PolicyName": "setupconnectiononDisconnectFunctionServiceRoleDefaultPolicy4F5D7560",
        "Roles": Array [
          Object {
            "Ref": "setupconnectiononDisconnectFunctionServiceRoleA17A7E4A",
          },
        ],
      },
      "Type": "AWS::IAM::Policy",
    },
  },
  "Rules": Object {
    "CheckBootstrapVersion": Object {
      "Assertions": Array [
        Object {
          "Assert": Object {
            "Fn::Not": Array [
              Object {
                "Fn::Contains": Array [
                  Array [
                    "1",
                    "2",
                    "3",
                    "4",
                    "5",
                  ],
                  Object {
                    "Ref": "BootstrapVersion",
                  },
                ],
              },
            ],
          },
          "AssertDescription": "CDK bootstrap stack version 6 required. Please run 'cdk bootstrap' with a recent version of the CDK CLI.",
        },
      ],
    },
  },
}
`;
